
> web@1.0.0 build D:\ak\project\FairShare\apps\web
> tsc --noEmit

